2026-09-23 14:04:30.716: [INFO] CurrentProfilePath: C:\GitHub\WorkSpaces\Eclipse\runtime-EclipseApplication\.metadata\.plugins\org.eclipse.swt\EBWebView\Default
2026-09-23 14:04:30.717: [INFO] Profiles total count: 1
2026-09-23 14:04:30.717: [INFO] Profile: name=Profil 1 path=C:\GitHub\WorkSpaces\Eclipse\runtime-EclipseApplication\.metadata\.plugins\org.eclipse.swt\EBWebView\Default lastActive=null
2026-09-23 14:04:30.717: [INFO] LastUsedProfileDir: C:\GitHub\WorkSpaces\Eclipse\runtime-EclipseApplication\.metadata\.plugins\org.eclipse.swt\EBWebView\Default
2026-09-23 14:04:30.717: [INFO] OnDoneLoading sync enabled: 0
2026-09-23 14:04:30.717: [INFO] BookmarkModelLoaded, ids_reassigned: 0
2026-09-23 14:04:30.717: [INFO] BookmarksLoadDropped droppedNodes=0
2026-09-23 14:04:30.717: [INFO] BookmarksSnapshot Startup total=0 bar=0 other=0 mobile=0 showBar=0 showBarNTP=1
2026-09-23 14:04:33.632: [INFO] BookmarksSnapshot Shutdown total=0 bar=0 other=0 mobile=0 showBar=0 showBarNTP=1
2026-10-06 08:09:23.732: [INFO] CurrentProfilePath: C:\GitHub\WorkSpaces\Eclipse\runtime-EclipseApplication\.metadata\.plugins\org.eclipse.swt\EBWebView\Default
2026-10-06 08:09:23.732: [INFO] Profiles total count: 1
2026-10-06 08:09:23.732: [INFO] Profile: name=Profil 1 path=C:\GitHub\WorkSpaces\Eclipse\runtime-EclipseApplication\.metadata\.plugins\org.eclipse.swt\EBWebView\Default lastActive=2026-09-23T14:04:31.055Z
2026-10-06 08:09:23.732: [INFO] LastUsedProfileDir: C:\GitHub\WorkSpaces\Eclipse\runtime-EclipseApplication\.metadata\.plugins\org.eclipse.swt\EBWebView\Default
2026-10-06 08:09:23.732: [INFO] MostRecentlyActiveProfile: name=Profil 1 path=C:\GitHub\WorkSpaces\Eclipse\runtime-EclipseApplication\.metadata\.plugins\org.eclipse.swt\EBWebView\Default lastActive=2026-09-23T14:04:31.055Z
2026-10-06 08:09:23.732: [INFO] OnDoneLoading sync enabled: 0
2026-10-06 08:09:23.732: [INFO] BookmarkModelLoaded, ids_reassigned: 0
2026-10-06 08:09:23.732: [INFO] BookmarksLoadDropped droppedNodes=0
2026-10-06 08:09:23.732: [INFO] BookmarksSnapshot Startup total=0 bar=0 other=0 mobile=0 showBar=0 showBarNTP=1
2026-10-06 08:09:31.148: [INFO] BookmarksSnapshot Shutdown total=0 bar=0 other=0 mobile=0 showBar=0 showBarNTP=1
2026-10-06 09:35:19.560: [INFO] CurrentProfilePath: C:\GitHub\WorkSpaces\Eclipse\runtime-EclipseApplication\.metadata\.plugins\org.eclipse.swt\EBWebView\Default
2026-10-06 09:35:19.560: [INFO] Profiles total count: 1
2026-10-06 09:35:19.560: [INFO] Profile: name=Profil 1 path=C:\GitHub\WorkSpaces\Eclipse\runtime-EclipseApplication\.metadata\.plugins\org.eclipse.swt\EBWebView\Default lastActive=2026-10-06T08:09:23.824Z
2026-10-06 09:35:19.560: [INFO] LastUsedProfileDir: C:\GitHub\WorkSpaces\Eclipse\runtime-EclipseApplication\.metadata\.plugins\org.eclipse.swt\EBWebView\Default
2026-10-06 09:35:19.560: [INFO] MostRecentlyActiveProfile: name=Profil 1 path=C:\GitHub\WorkSpaces\Eclipse\runtime-EclipseApplication\.metadata\.plugins\org.eclipse.swt\EBWebView\Default lastActive=2026-10-06T08:09:23.824Z
2026-10-06 09:35:19.560: [INFO] OnDoneLoading sync enabled: 0
2026-10-06 09:35:19.560: [INFO] BookmarkModelLoaded, ids_reassigned: 0
2026-10-06 09:35:19.560: [INFO] BookmarksLoadDropped droppedNodes=0
2026-10-06 09:35:19.560: [INFO] BookmarksSnapshot Startup total=0 bar=0 other=0 mobile=0 showBar=0 showBarNTP=1
2026-10-06 09:35:33.686: [INFO] BookmarksSnapshot Shutdown total=0 bar=0 other=0 mobile=0 showBar=0 showBarNTP=1
2026-10-07 08:24:19.610: [INFO] CurrentProfilePath: C:\GitHub\WorkSpaces\Eclipse\runtime-EclipseApplication\.metadata\.plugins\org.eclipse.swt\EBWebView\Default
2026-10-07 08:24:19.610: [INFO] Profiles total count: 1
2026-10-07 08:24:19.610: [INFO] Profile: name=Profil 1 path=C:\GitHub\WorkSpaces\Eclipse\runtime-EclipseApplication\.metadata\.plugins\org.eclipse.swt\EBWebView\Default lastActive=2026-10-06T09:35:19.791Z
2026-10-07 08:24:19.610: [INFO] LastUsedProfileDir: C:\GitHub\WorkSpaces\Eclipse\runtime-EclipseApplication\.metadata\.plugins\org.eclipse.swt\EBWebView\Default
2026-10-07 08:24:19.610: [INFO] MostRecentlyActiveProfile: name=Profil 1 path=C:\GitHub\WorkSpaces\Eclipse\runtime-EclipseApplication\.metadata\.plugins\org.eclipse.swt\EBWebView\Default lastActive=2026-10-06T09:35:19.791Z
2026-10-07 08:24:19.610: [INFO] OnDoneLoading sync enabled: 0
2026-10-07 08:24:19.610: [INFO] BookmarkModelLoaded, ids_reassigned: 0
2026-10-07 08:24:19.610: [INFO] BookmarksLoadDropped droppedNodes=0
2026-10-07 08:24:19.610: [INFO] BookmarksSnapshot Startup total=0 bar=0 other=0 mobile=0 showBar=0 showBarNTP=1
2026-10-07 08:25:04.074: [INFO] BookmarksSnapshot Shutdown total=0 bar=0 other=0 mobile=0 showBar=0 showBarNTP=1
2026-10-07 09:31:28.440: [INFO] CurrentProfilePath: C:\GitHub\WorkSpaces\Eclipse\runtime-EclipseApplication\.metadata\.plugins\org.eclipse.swt\EBWebView\Default
2026-10-07 09:31:28.440: [INFO] Profiles total count: 1
2026-10-07 09:31:28.440: [INFO] Profile: name=Profil 1 path=C:\GitHub\WorkSpaces\Eclipse\runtime-EclipseApplication\.metadata\.plugins\org.eclipse.swt\EBWebView\Default lastActive=2026-10-06T09:35:19.791Z
2026-10-07 09:31:28.440: [INFO] LastUsedProfileDir: C:\GitHub\WorkSpaces\Eclipse\runtime-EclipseApplication\.metadata\.plugins\org.eclipse.swt\EBWebView\Default
2026-10-07 09:31:28.440: [INFO] MostRecentlyActiveProfile: name=Profil 1 path=C:\GitHub\WorkSpaces\Eclipse\runtime-EclipseApplication\.metadata\.plugins\org.eclipse.swt\EBWebView\Default lastActive=2026-10-06T09:35:19.791Z
2026-10-07 09:31:28.440: [INFO] OnDoneLoading sync enabled: 0
2026-10-07 09:31:28.440: [INFO] BookmarkModelLoaded, ids_reassigned: 0
2026-10-07 09:31:28.440: [INFO] BookmarksLoadDropped droppedNodes=0
2026-10-07 09:31:28.440: [INFO] BookmarksSnapshot Startup total=0 bar=0 other=0 mobile=0 showBar=0 showBarNTP=1
2026-10-07 09:32:31.443: [INFO] BookmarksSnapshot Shutdown total=0 bar=0 other=0 mobile=0 showBar=0 showBarNTP=1
2026-10-07 10:18:01.273: [INFO] CurrentProfilePath: C:\GitHub\WorkSpaces\Eclipse\runtime-EclipseApplication\.metadata\.plugins\org.eclipse.swt\EBWebView\Default
2026-10-07 10:18:01.273: [INFO] Profiles total count: 1
2026-10-07 10:18:01.273: [INFO] Profile: name=Profil 1 path=C:\GitHub\WorkSpaces\Eclipse\runtime-EclipseApplication\.metadata\.plugins\org.eclipse.swt\EBWebView\Default lastActive=2026-10-06T09:35:19.791Z
2026-10-07 10:18:01.273: [INFO] LastUsedProfileDir: C:\GitHub\WorkSpaces\Eclipse\runtime-EclipseApplication\.metadata\.plugins\org.eclipse.swt\EBWebView\Default
2026-10-07 10:18:01.273: [INFO] MostRecentlyActiveProfile: name=Profil 1 path=C:\GitHub\WorkSpaces\Eclipse\runtime-EclipseApplication\.metadata\.plugins\org.eclipse.swt\EBWebView\Default lastActive=2026-10-06T09:35:19.791Z
2026-10-07 10:18:01.273: [INFO] OnDoneLoading sync enabled: 0
2026-10-07 10:18:01.273: [INFO] BookmarkModelLoaded, ids_reassigned: 0
2026-10-07 10:18:01.273: [INFO] BookmarksLoadDropped droppedNodes=0
2026-10-07 10:18:01.273: [INFO] BookmarksSnapshot Startup total=0 bar=0 other=0 mobile=0 showBar=0 showBarNTP=1
2026-10-07 10:18:11.951: [INFO] BookmarksSnapshot Shutdown total=0 bar=0 other=0 mobile=0 showBar=0 showBarNTP=1
